A crab called Ferris carrying borrowck
A crab called Pincers carrying fish
A crab called Shelly carrying gear
